Starting a Gradle Daemon, 3 busy and 2 incompatible and 7 stopped Daemons could not be reused, use --status for details
WARNING: We recommend using a newer Android Gradle plugin to use compileSdk = 35

This Android Gradle plugin (8.5.2) was tested up to compileSdk = 34.

You are strongly encouraged to update your project to use a newer
Android Gradle plugin that has been tested with compileSdk = 35.

If you are already using the latest version of the Android Gradle plugin,
you may need to wait until a newer version with support for compileSdk = 35 is available.

For more information refer to the compatibility table:
https://d.android.com/r/tools/api-level-support

To suppress this warning, add/update
    android.suppressUnsupportedCompileSdk=35
to this project's gradle.properties.
> Task :app:checkKotlinGradlePluginConfigurationErrors
> Task :app:preBuild UP-TO-DATE
> Task :app:preDebugBuild UP-TO-DATE
> Task :app:generateDebugBuildConfig UP-TO-DATE
> Task :app:checkDebugAarMetadata UP-TO-DATE
> Task :app:generateDebugResValues UP-TO-DATE
> Task :app:processDebugGoogleServices UP-TO-DATE
> Task :app:mapDebugSourceSetPaths UP-TO-DATE
> Task :app:generateDebugResources UP-TO-DATE
> Task :app:mergeDebugResources UP-TO-DATE
> Task :app:packageDebugResources UP-TO-DATE
> Task :app:parseDebugLocalResources UP-TO-DATE
> Task :app:createDebugCompatibleScreenManifests UP-TO-DATE
> Task :app:extractDeepLinksDebug UP-TO-DATE
> Task :app:processDebugMainManifest UP-TO-DATE
> Task :app:processDebugManifest UP-TO-DATE
> Task :app:processDebugManifestForPackage UP-TO-DATE
> Task :app:processDebugResources UP-TO-DATE

> Task :app:compileDebugKotlin
w: file:///C:/Users/arian/arian/Escritorio/RELAXMIND%20APP/app/src/main/kotlin/com/relaxmind/app/features/caregiver/AlertsHistoryScreen.kt:908:9 Variable 'isSos' is never used
w: file:///C:/Users/arian/arian/Escritorio/RELAXMIND%20APP/app/src/main/kotlin/com/relaxmind/app/features/caregiver/CaregiverViewModel.kt:286:24 Parameter 'enabled' is never used
w: file:///C:/Users/arian/arian/Escritorio/RELAXMIND%20APP/app/src/main/kotlin/com/relaxmind/app/features/caregiver/CaregiverViewModel.kt:321:23 Parameter 'reason' is never used
w: file:///C:/Users/arian/arian/Escritorio/RELAXMIND%20APP/app/src/main/kotlin/com/relaxmind/app/features/caregiver/CaregiverViewModel.kt:321:39 Parameter 'passwordConfirm' is never used
w: file:///C:/Users/arian/arian/Escritorio/RELAXMIND%20APP/app/src/main/kotlin/com/relaxmind/app/features/caregiver/CaregiverViewModel.kt:321:87 Parameter 'onError' is never used
w: file:///C:/Users/arian/arian/Escritorio/RELAXMIND%20APP/app/src/main/kotlin/com/relaxmind/app/features/caregiver/PatientDetailScreen.kt:766:5 Parameter 'onSosAlertClick' is never used

[Incubating] Problems report is available at: file:///C:/Users/arian/arian/Escritorio/RELAXMIND%20APP/build/reports/problems/problems-report.html

Deprecated Gradle features were used in this build, making it incompatible with Gradle 10.

You can use '--warning-mode all' to show the individual deprecation warnings and determine if they come from your own scripts or plugins.

For more on this, please refer to https://docs.gradle.org/9.0.0/userguide/command_line_interface.html#sec:command_line_warnings in the Gradle documentation.

BUILD SUCCESSFUL in 30s
17 actionable tasks: 2 executed, 15 up-to-date
Consider enabling configuration cache to speed up this build: https://docs.gradle.org/9.0.0/userguide/configuration_cache_enabling.html
